[Squat] window 0,4 detik (12 frame): 9680 window | 70:30 0,8844  [0.1 menit]
[Squat] window 0,5 detik (15 frame): 8842 window | 70:30 0,8818  [0.1 menit]
[Squat] window 0,6 detik (18 frame): 8021 window | 70:30 0,8971  [0.1 menit]
[Squat] window 0,8 detik (24 frame): 6470 window | 70:30 0,9186  [0.1 menit]
[Squat] window 1,0 detik (30 frame): 5038 window | 70:30 0,9019  [0.1 menit]
[Bench press] window 0,4 detik (12 frame): 8080 window | 70:30 0,9115  [0.1 menit]
[Bench press] window 0,5 detik (15 frame): 7176 window | 70:30 0,9148  [0.1 menit]
[Bench press] window 0,6 detik (18 frame): 6297 window | 70:30 0,9436  [0.1 menit]
[Bench press] window 0,8 detik (24 frame): 4642 window | 70:30 0,9574  [0.1 menit]
[Bench press] window 1,0 detik (30 frame): 3260 window | 70:30 0,9503  [0.0 menit]
[Deadlift] window 0,4 detik (12 frame): 11938 window | 70:30 0,9493  [0.1 menit]
[Deadlift] window 0,5 detik (15 frame): 11063 window | 70:30 0,9545  [0.1 menit]
[Deadlift] window 0,6 detik (18 frame): 10197 window | 70:30 0,9570  [0.1 menit]
[Deadlift] window 0,8 detik (24 frame): 8512 window | 70:30 0,9700  [0.1 menit]
[Deadlift] window 1,0 detik (30 frame): 6946 window | 70:30 0,9783  [0.1 menit]

Hasil per kombinasi
[Squat] window 0,4 detik (12 frame): 9680 window | 70:30 0,8844
[Squat] window 0,5 detik (15 frame): 8842 window | 70:30 0,8818
[Squat] window 0,6 detik (18 frame): 8021 window | 70:30 0,8971
[Squat] window 0,8 detik (24 frame): 6470 window | 70:30 0,9186
[Squat] window 1,0 detik (30 frame): 5038 window | 70:30 0,9019
[Bench press] window 0,4 detik (12 frame): 8080 window | 70:30 0,9115
[Bench press] window 0,5 detik (15 frame): 7176 window | 70:30 0,9148
[Bench press] window 0,6 detik (18 frame): 6297 window | 70:30 0,9436
[Bench press] window 0,8 detik (24 frame): 4642 window | 70:30 0,9574
[Bench press] window 1,0 detik (30 frame): 3260 window | 70:30 0,9503
[Deadlift] window 0,4 detik (12 frame): 11938 window | 70:30 0,9493
[Deadlift] window 0,5 detik (15 frame): 11063 window | 70:30 0,9545
[Deadlift] window 0,6 detik (18 frame): 10197 window | 70:30 0,9570
[Deadlift] window 0,8 detik (24 frame): 8512 window | 70:30 0,9700
[Deadlift] window 1,0 detik (30 frame): 6946 window | 70:30 0,9783

    Latihan Window_detik  Window_frame  Jumlah_window F1w_70_30
      Squat          0,4            12           9680    0,8844
      Squat          0,5            15           8842    0,8818
      Squat          0,6            18           8021    0,8971
      Squat          0,8            24           6470    0,9186
      Squat          1,0            30           5038    0,9019
Bench press          0,4            12           8080    0,9115
Bench press          0,5            15           7176    0,9148
Bench press          0,6            18           6297    0,9436
Bench press          0,8            24           4642    0,9574
Bench press          1,0            30           3260    0,9503
   Deadlift          0,4            12          11938    0,9493
   Deadlift          0,5            15          11063    0,9545
   Deadlift          0,6            18          10197    0,9570
   Deadlift          0,8            24           8512    0,9700
   Deadlift          1,0            30           6946    0,9783

Window dengan F1 weighted 70:30 tertinggi per latihan
  Squat        0,8 detik (0,9186)
  Bench press  0,8 detik (0,9574)
  Deadlift     1,0 detik (0,9783)

Cek window 0,5 detik terhadap produksi (split dan A1)
  Squat        latih sama: True | uji sama: True | F1 A4b 0,8818 lawan A1 0,8818 (selisih +0,000000)
  Bench press  latih sama: True | uji sama: True | F1 A4b 0,9148 lawan A1 0,9148 (selisih +0,000000)
  Deadlift     latih sama: True | uji sama: True | F1 A4b 0,9545 lawan A1 0,9545 (selisih +0,000000)

Tersimpan: C:\Users\totit\Downloads\skripsi-postur-gym\docs\pengujian\A4_konfigurasi_final\A4b_tabel.csv dan A4b_detail.json  (run ini 1.3 menit)
